13:22:04.897 [NamespaceSystem-akka.actor.default-dispatcher-5] INFO akka.event.slf4j.Slf4jLogger - Slf4jLogger started
13:22:05.124 [main] INFO com.firebase.server.forge.App$ - Listening at 127.0.0.1:9000
13:22:05.745 [NamespaceSystem-akka.actor.default-dispatcher-5] INFO com.firebase.core.namespace.NamespaceActor - demo-execution-hub-security-default-rtdb successfully activated FBKV (SurveyIdle(0)) wait: 198ms, init: 0ms
13:22:06.120 [NamespaceSystem-blocking-namespace-operation-dispatcher-7] INFO com.firebase.core.namespace.StateManager - Namespace demo-execution-hub-security-default-rtdb status Active to Active
13:33:00.661 [FirebaseWorkerPool-1-3] WARN com.firebase.core.persistence.backend.dummy.EmulatorMetadataPersistence - Multiple projectIds are not recommended in single project mode. Requested 
namespace demo-execution-hub-security, but the emulator is configured for demo-execution-hub-security-default-rtdb. To 
opt-out of single project mode add/set the singleProjectMode: false property in 
the firebase.json emulators config. 
13:33:00.678 [NamespaceSystem-akka.actor.default-dispatcher-11] INFO com.firebase.core.namespace.NamespaceActor - demo-execution-hub-security successfully activated FBKV (SurveyIdle(0)) wait: 5ms, init: 0ms
13:33:00.762 [NamespaceSystem-blocking-namespace-operation-dispatcher-13] INFO com.firebase.core.namespace.StateManager - Namespace demo-execution-hub-security status Active to Active
13:33:01.827 [FirebaseWorkerPool-1-2] WARN com.firebase.server.forge.App$ - Received service account token eyJh...ZX0., assuming ownership.
13:33:02.045 [FirebaseWorkerPool-1-3] WARN com.firebase.server.forge.App$ - Received service account token eyJh...ifQ., assuming ownership.
13:33:02.172 [FirebaseWorkerPool-1-4] WARN com.firebase.server.forge.App$ - Received service account token eyJh...ifQ., assuming ownership.
13:33:02.233 [FirebaseWorkerPool-1-1] WARN com.firebase.server.forge.App$ - Received service account token eyJh...ifQ., assuming ownership.
13:33:02.343 [FirebaseWorkerPool-1-2] WARN com.firebase.server.forge.App$ - Received service account token eyJh...ifQ., assuming ownership.
13:33:02.744 [FirebaseWorkerPool-1-2] WARN com.firebase.server.forge.App$ - Received service account token eyJh...In0., assuming ownership.
13:33:02.808 [FirebaseWorkerPool-1-3] WARN com.firebase.server.forge.App$ - Received service account token eyJh...lfQ., assuming ownership.
13:33:03.025 [FirebaseWorkerPool-1-4] WARN com.firebase.server.forge.App$ - Received service account token eyJh...lfQ., assuming ownership.
13:34:25.183 [NamespaceSystem-blocking-namespace-operation-dispatcher-18] INFO com.firebase.core.namespace.StateManager - Namespace demo-execution-hub-security status Active to Active
13:34:25.296 [FirebaseWorkerPool-1-2] WARN com.firebase.server.forge.App$ - Received service account token eyJh...ZX0., assuming ownership.
13:34:25.422 [FirebaseWorkerPool-1-3] WARN com.firebase.server.forge.App$ - Received service account token eyJh...lfQ., assuming ownership.
13:34:25.516 [FirebaseWorkerPool-1-4] WARN com.firebase.server.forge.App$ - Received service account token eyJh...2V9., assuming ownership.
13:34:25.626 [FirebaseWorkerPool-1-1] WARN com.firebase.server.forge.App$ - Received service account token eyJh...ZX0., assuming ownership.
13:37:28.547 [NamespaceSystem-blocking-namespace-operation-dispatcher-20] INFO com.firebase.core.namespace.StateManager - Namespace demo-execution-hub-security status Active to Active
13:46:28.662 [NamespaceSystem-blocking-namespace-operation-dispatcher-24] INFO com.firebase.core.namespace.StateManager - Namespace demo-execution-hub-security status Active to Active
13:46:28.795 [FirebaseWorkerPool-1-3] WARN com.firebase.server.forge.App$ - Received service account token eyJh...ZX0., assuming ownership.
13:46:28.856 [FirebaseWorkerPool-1-4] WARN com.firebase.server.forge.App$ - Received service account token eyJh...ifQ., assuming ownership.
13:46:28.920 [FirebaseWorkerPool-1-1] WARN com.firebase.server.forge.App$ - Received service account token eyJh...ifQ., assuming ownership.
13:46:28.983 [FirebaseWorkerPool-1-2] WARN com.firebase.server.forge.App$ - Received service account token eyJh...ifQ., assuming ownership.
13:46:29.062 [FirebaseWorkerPool-1-3] WARN com.firebase.server.forge.App$ - Received service account token eyJh...ifQ., assuming ownership.
13:46:29.342 [FirebaseWorkerPool-1-3] WARN com.firebase.server.forge.App$ - Received service account token eyJh...In0., assuming ownership.
13:46:29.375 [FirebaseWorkerPool-1-4] WARN com.firebase.server.forge.App$ - Received service account token eyJh...lfQ., assuming ownership.
13:46:29.499 [FirebaseWorkerPool-1-1] WARN com.firebase.server.forge.App$ - Received service account token eyJh...lfQ., assuming ownership.
13:46:47.871 [NamespaceSystem-blocking-namespace-operation-dispatcher-31] INFO com.firebase.core.namespace.StateManager - Namespace demo-execution-hub-security status Active to Active
13:57:42.928 [NamespaceSystem-blocking-namespace-operation-dispatcher-35] INFO com.firebase.core.namespace.StateManager - Namespace demo-execution-hub-security-default-rtdb status Active to Active
13:57:44.707 [NamespaceSystem-blocking-namespace-operation-dispatcher-35] INFO com.firebase.core.namespace.StateManager - Namespace demo-execution-hub-security-default-rtdb status Active to Active
13:57:55.824 [NamespaceSystem-blocking-namespace-operation-dispatcher-38] INFO com.firebase.core.namespace.StateManager - Namespace demo-execution-hub-security-default-rtdb status Active to Active
13:58:12.992 [NamespaceSystem-blocking-namespace-operation-dispatcher-40] INFO com.firebase.core.namespace.StateManager - Namespace demo-execution-hub-security-default-rtdb status Active to Active
13:59:32.970 [NamespaceSystem-blocking-namespace-operation-dispatcher-42] INFO com.firebase.core.namespace.StateManager - Namespace demo-execution-hub-security-default-rtdb status Active to Active
14:04:22.719 [NamespaceSystem-blocking-namespace-operation-dispatcher-44] INFO com.firebase.core.namespace.StateManager - Namespace demo-execution-hub-security status Active to Active
14:04:22.894 [FirebaseWorkerPool-1-2] WARN com.firebase.server.forge.App$ - Received service account token eyJh...WV9., assuming ownership.
14:04:22.941 [FirebaseWorkerPool-1-3] WARN com.firebase.server.forge.App$ - Received service account token eyJh...ifQ., assuming ownership.
14:04:23.005 [FirebaseWorkerPool-1-4] WARN com.firebase.server.forge.App$ - Received service account token eyJh...ifQ., assuming ownership.
14:04:23.070 [FirebaseWorkerPool-1-1] WARN com.firebase.server.forge.App$ - Received service account token eyJh...ifQ., assuming ownership.
14:04:23.179 [FirebaseWorkerPool-1-2] WARN com.firebase.server.forge.App$ - Received service account token eyJh...ifQ., assuming ownership.
14:04:23.417 [FirebaseWorkerPool-1-2] WARN com.firebase.server.forge.App$ - Received service account token eyJh...In0., assuming ownership.
14:04:23.465 [FirebaseWorkerPool-1-3] WARN com.firebase.server.forge.App$ - Received service account token eyJh...ZX0., assuming ownership.
14:04:23.558 [FirebaseWorkerPool-1-4] WARN com.firebase.server.forge.App$ - Received service account token eyJh...ZX0., assuming ownership.
14:10:26.372 [NamespaceSystem-blocking-namespace-operation-dispatcher-52] INFO com.firebase.core.namespace.StateManager - Namespace demo-execution-hub-security status Active to Active
14:10:26.492 [FirebaseWorkerPool-1-3] WARN com.firebase.server.forge.App$ - Received service account token eyJh...WV9., assuming ownership.
14:10:26.539 [FirebaseWorkerPool-1-4] WARN com.firebase.server.forge.App$ - Received service account token eyJh...ifQ., assuming ownership.
14:10:26.586 [FirebaseWorkerPool-1-1] WARN com.firebase.server.forge.App$ - Received service account token eyJh...ifQ., assuming ownership.
14:10:26.632 [FirebaseWorkerPool-1-2] WARN com.firebase.server.forge.App$ - Received service account token eyJh...ifQ., assuming ownership.
14:10:26.697 [FirebaseWorkerPool-1-3] WARN com.firebase.server.forge.App$ - Received service account token eyJh...ifQ., assuming ownership.
14:10:26.966 [FirebaseWorkerPool-1-3] WARN com.firebase.server.forge.App$ - Received service account token eyJh...In0., assuming ownership.
14:10:27.013 [FirebaseWorkerPool-1-4] WARN com.firebase.server.forge.App$ - Received service account token eyJh...ZX0., assuming ownership.
14:10:27.107 [FirebaseWorkerPool-1-1] WARN com.firebase.server.forge.App$ - Received service account token eyJh...ZX0., assuming ownership.
